<div  class="tribe-common-slide-toggle toggle-wrap active" >
	<button
		id="toggle-test"
		 class="tribe-common-slide-toggle__button toggle-button" 		aria-expanded="true"
		aria-controls="toggle-test-panel"
	>
		Toggle Default	</button>
	<div
		id="toggle-test-panel"
		 class="tribe-common-slide-toggle__panel toggle-panel" 		role="region"
		aria-labelledby="toggle-test"
		aria-hidden="false"
		style="display:block"	>
		Test Content	</div>
</div>