<svg  class="tribe-common-c-svgicon tribe-common-c-svgicon--caret-alt-right test-class-1 test-class-2"  viewBox="0 0 9 15" xmlns="http://www.w3.org/2000/svg"><path fill-rule="evenodd" clip-rule="evenodd" d="M.07 13.155l5.553-5.588L.07 1.978 1.403.637l6.886 6.93-6.886 6.93L.07 13.154z"/></svg>
