<svg  class="tribe-common-c-svgicon tribe-common-c-svgicon--caret-alt-left"  viewBox="0 0 9 15" xmlns="http://www.w3.org/2000/svg"><path fill-rule="evenodd" clip-rule="evenodd" d="M8.289 1.978L2.735 7.567l5.554 5.588-1.333 1.341L.07 7.566 6.956.638l1.333 1.341z" class="tribe-common-c-svgicon__svg-fill"/></svg>
