<svg  class="tribe-common-c-svgicon tribe-common-c-svgicon--dots test-class-1 test-class-2"  viewBox="0 0 61 15" xmlns="http://www.w3.org/2000/svg"><circle cx="7.5" cy="7.5" r="7.5" class="tribe-common-c-loader-dots__svg-dot tribe-common-c-loader-dots__svg-dot-first"/><circle cx="7.5" cy="7.5" r="7.5" transform="translate(23)" class="tribe-common-c-loader-dots__svg-dot tribe-common-c-loader-dots__svg-dot-second"/><circle cx="7.5" cy="7.5" r="7.5" transform="translate(46)" class="tribe-common-c-loader-dots__svg-dot tribe-common-c-loader-dots__svg-dot-third"/></svg>
