<svg  class="tribe-common-c-svgicon tribe-common-c-svgicon--hybrid"  viewBox="0 0 19 17" fill="none" xmlns="http://www.w3.org/2000/svg">
	<circle cx="4.863" cy="12.026" r="2.619" transform="rotate(-45 4.863 12.026)" stroke="#0F0F30" stroke-width="1.103"/>
	<circle cx="9.651" cy="4.619" r="2.619" transform="rotate(-45 9.651 4.619)" stroke="#0F0F30" stroke-width="1.103"/>
	<path d="M5.948 10.068l2.424-3.491" stroke="#0F0F30"/>
	<circle r="2.619" transform="scale(-1 1) rotate(-45 7.288 23.463)" stroke="#0F0F30" stroke-width="1.103"/>
	<path d="M13.372 10.068l-2.425-3.492" stroke="#0F0F30"/>
</svg>