<svg  class="tribe-common-c-svgicon tribe-common-c-svgicon--messages-not-found"  viewBox="0 0 21 23" xmlns="http://www.w3.org/2000/svg"><g fill="none" fill-rule="evenodd"><path d="M.5 2.5h20v20H.5z" class="tribe-events-c-icons__svg-stroke-active"/><path stroke-linecap="round" d="M7.583 11.583l5.834 5.834m0-5.834l-5.834 5.834" class="tribe-events-c-icons__svg-stroke-accent"/><path stroke-linecap="round" d="M4.5.5v4m12-4v4" class="tribe-events-c-icons__svg-stroke-active"/><path stroke-linecap="square" d="M.5 7.5h20" class="tribe-events-c-icons__svg-stroke-active"/></g></svg>
